@Sonygps/ver5.0/wgs-84/20260823075402.000/
@Sonygpsoption/0/20260823075600.000/20260823075601.338/
$GPGGA,075601.338,5200.0000,N,05500.0000,E,1,0,,,M,,M,,*78
$GPRMC,075601.338,A,5200.0000,N,05500.0000,E,0.90,,230826,,,A*7E
$GPGGA,075603.000,5200.0000,N,05500.0000,E,1,0,,,M,,M,,*72
$GPRMC,075603.000,A,5200.0000,N,05500.0000,E,0.79,,230826,,,A*73
$GPGGA,075604.000,5200.0000,N,05500.0000,E,1,0,,,M,,M,,*75
$GPRMC,075604.000,A,5200.0000,N,05500.0000,E,0.42,,230826,,,A*7C
$GPGGA,075605.000,5200.0000,N,05500.0000,E,1,0,,,M,,M,,*74
$GPRMC,075605.000,A,5200.0000,N,05500.0000,E,0.17,,230826,,,A*7D
$GPGGA,075606.000,5200.0000,N,05500.0000,E,1,0,,,M,,M,,*77
$GPRMC,075606.000,A,5200.0000,N,05500.0000,E,0.12,,230826,,,A*7B
$GPGGA,075607.000,5200.0000,N,05500.0000,E,1,0,,,M,,M,,*76
$GPRMC,075607.000,A,5200.0000,N,05500.0000,E,0.86,,230826,,,A*77
$GPGGA,075608.000,5200.0000,N,05500.0000,E,1,0,,,M,,M,,*79
$GPRMC,075608.000,A,5200.0000,N,05500.0000,E,1.14,,230826,,,A*72
$GPGGA,075609.000,5200.0000,N,05500.0000,E,1,0,,,M,,M,,*78
$GPRMC,075609.000,A,5200.0000,N,05500.0000,E,1.41,,230826,,,A*73
$GPGGA,075610.000,5200.0000,N,05500.0000,E,1,0,,,M,,M,,*70
$GPRMC,075610.000,A,5200.0000,N,05500.0000,E,1.24,,230826,,,A*78
$GPGGA,075611.000,5200.0000,N,05500.0000,E,1,0,,,M,,M,,*71
$GPRMC,075611.000,A,5200.0000,N,05500.0000,E,0.81,,230826,,,A*77
$GPGGA,075612.000,5200.0000,N,05500.0000,E,1,0,,,M,,M,,*72
$GPRMC,075612.000,A,5200.0000,N,05500.0000,E,0.43,,230826,,,A*7A
$GPGGA,075613.000,5200.0000,N,05500.0000,E,1,0,,,M,,M,,*73
$GPRMC,075613.000,A,5200.0000,N,05500.0000,E,0.75,,230826,,,A*7E
@Sonygps/ver5.0/wgs-84/20260823081645.000/
@Sonygpsoption/0/20260823081646.000/20260823081647.000/
$GPGGA,081647.000,5200.0000,N,05500.0000,E,1,0,,,M,,M,,*79
$GPRMC,081647.000,A,5200.0000,N,05500.0000,E,13.78,,230826,,,A*4B
$GPGGA,081648.000,5200.0000,N,05500.0000,E,1,0,,,M,,M,,*76
$GPRMC,081648.000,A,5200.0000,N,05500.0000,E,13.80,,230826,,,A*43
$GPGGA,081649.000,5200.0000,N,05500.0000,E,1,0,,,M,,M,,*77
$GPRMC,081649.000,A,5200.0000,N,05500.0000,E,13.82,,230826,,,A*40
$GPGGA,081650.000,5200.0000,N,05500.0000,E,1,0,,,M,,M,,*7F
$GPRMC,081650.000,A,5200.0000,N,05500.0000,E,14.01,,230826,,,A*44
$GPGGA,081651.000,5200.0000,N,05500.0000,E,1,0,,,M,,M,,*7E
$GPRMC,081651.000,A,5200.0000,N,05500.0000,E,13.69,,230826,,,A*4C
$GPGGA,081652.000,5200.0000,N,05500.0000,E,1,0,,,M,,M,,*7D
$GPRMC,081652.000,A,5200.0000,N,05500.0000,E,13.69,,230826,,,A*4F
$GPGGA,081653.000,5200.0000,N,05500.0000,E,1,0,,,M,,M,,*7C
$GPRMC,081653.000,A,5200.0000,N,05500.0000,E,13.71,,230826,,,A*47
$GPGGA,081654.000,5200.0000,N,05500.0000,E,1,0,,,M,,M,,*7B
$GPRMC,081654.000,A,5200.0000,N,05500.0000,E,13.21,,230826,,,A*45
$GPGGA,081655.000,5200.0000,N,05500.0000,E,1,0,,,M,,M,,*7A
$GPRMC,081655.000,A,5200.0000,N,05500.0000,E,13.26,,230826,,,A*43
$GPGGA,081656.000,5200.0000,N,05500.0000,E,1,0,,,M,,M,,*79
$GPRMC,081656.000,A,5200.0000,N,05500.0000,E,13.55,,230826,,,A*44
$GPGGA,081657.000,5200.0000,N,05500.0000,E,1,0,,,M,,M,,*78
$GPRMC,081657.000,A,5200.0000,N,05500.0000,E,13.57,,230826,,,A*47
$GPGGA,081658.000,5200.0000,N,05500.0000,E,1,0,,,M,,M,,*77
$GPRMC,081658.000,A,5200.0000,N,05500.0000,E,13.21,,230826,,,A*49
@Sonygps/ver5.0/wgs-84/20260823083928.000/
@Sonygpsoption/0/20260823083929.000/20260823083930.000/
$GPGGA,083930.000,5200.0000,N,05500.0000,E,1,0,,,M,,M,,*74
$GPRMC,083930.000,A,5200.0000,N,05500.0000,E,12.02,,230826,,,A*4A
$GPGGA,083931.000,5200.0000,N,05500.0000,E,1,0,,,M,,M,,*75
$GPRMC,083931.000,A,5200.0000,N,05500.0000,E,11.68,,230826,,,A*44
$GPGGA,083932.000,5200.0000,N,05500.0000,E,1,0,,,M,,M,,*76
$GPRMC,083932.000,A,5200.0000,N,05500.0000,E,11.17,,230826,,,A*4F
$GPGGA,083933.000,5200.0000,N,05500.0000,E,1,0,,,M,,M,,*77
$GPRMC,083933.000,A,5200.0000,N,05500.0000,E,11.71,,230826,,,A*4E
$GPGGA,083934.000,5200.0000,N,05500.0000,E,1,0,,,M,,M,,*70
$GPRMC,083934.000,A,5200.0000,N,05500.0000,E,11.98,,230826,,,A*4E
$GPGGA,083935.000,5200.0000,N,05500.0000,E,1,0,,,M,,M,,*71
$GPRMC,083935.000,A,5200.0000,N,05500.0000,E,11.69,,230826,,,A*41
$GPGGA,083936.000,5200.0000,N,05500.0000,E,1,0,,,M,,M,,*72
$GPRMC,083936.000,A,5200.0000,N,05500.0000,E,11.90,,230826,,,A*44
$GPGGA,083937.000,5200.0000,N,05500.0000,E,1,0,,,M,,M,,*73
$GPRMC,083937.000,A,5200.0000,N,05500.0000,E,12.11,,230826,,,A*4F
$GPGGA,083938.000,5200.0000,N,05500.0000,E,1,0,,,M,,M,,*7C
$GPRMC,083938.000,A,5200.0000,N,05500.0000,E,11.84,,230826,,,A*4F
$GPGGA,083939.000,5200.0000,N,05500.0000,E,1,0,,,M,,M,,*7D
$GPRMC,083939.000,A,5200.0000,N,05500.0000,E,12.37,,230826,,,A*45
$GPGGA,083940.000,5200.0000,N,05500.0000,E,1,0,,,M,,M,,*73
$GPRMC,083940.000,A,5200.0000,N,05500.0000,E,12.68,,230826,,,A*41
$GPGGA,083941.000,5200.0000,N,05500.0000,E,1,0,,,M,,M,,*72
$GPRMC,083941.000,A,5200.0000,N,05500.0000,E,12.71,,230826,,,A*48
@Sonygps/ver5.0/wgs-84/20260823090212.000/
@Sonygpsoption/0/20260823090212.000/20260823090213.000/
$GPGGA,090213.000,5200.0000,N,05500.0000,E,1,0,,,M,,M,,*7C
$GPRMC,090213.000,A,5200.0000,N,05500.0000,E,0.19,,230826,,,A*7B
$GPGGA,090214.000,5200.0000,N,05500.0000,E,1,0,,,M,,M,,*7B
$GPRMC,090214.000,A,5200.0000,N,05500.0000,E,0.18,,230826,,,A*7D
$GPGGA,090215.000,5200.0000,N,05500.0000,E,1,0,,,M,,M,,*7A
$GPRMC,090215.000,A,5200.0000,N,05500.0000,E,0.12,,230826,,,A*76
$GPGGA,090216.000,5200.0000,N,05500.0000,E,1,0,,,M,,M,,*79
$GPRMC,090216.000,A,5200.0000,N,05500.0000,E,0.17,,230826,,,A*70
$GPGGA,090217.000,5200.0000,N,05500.0000,E,1,0,,,M,,M,,*78
$GPRMC,090217.000,A,5200.0000,N,05500.0000,E,0.26,,230826,,,A*73
$GPGGA,090218.000,5200.0000,N,05500.0000,E,1,0,,,M,,M,,*77
$GPRMC,090218.000,A,5200.0000,N,05500.0000,E,0.36,,230826,,,A*7D
$GPGGA,090219.000,5200.0000,N,05500.0000,E,1,0,,,M,,M,,*76
$GPRMC,090219.000,A,5200.0000,N,05500.0000,E,0.36,,230826,,,A*7C
$GPGGA,090220.000,5200.0000,N,05500.0000,E,1,0,,,M,,M,,*7C
$GPRMC,090220.000,A,5200.0000,N,05500.0000,E,0.17,,230826,,,A*75
$GPGGA,090221.000,5200.0000,N,05500.0000,E,1,0,,,M,,M,,*7D
$GPRMC,090221.000,A,5200.0000,N,05500.0000,E,0.13,,230826,,,A*70
$GPGGA,090222.000,5200.0000,N,05500.0000,E,1,0,,,M,,M,,*7E
$GPRMC,090222.000,A,5200.0000,N,05500.0000,E,0.04,,230826,,,A*75
$GPGGA,090223.000,5200.0000,N,05500.0000,E,1,0,,,M,,M,,*7F
$GPRMC,090223.000,A,5200.0000,N,05500.0000,E,0.10,,230826,,,A*71
$GPGGA,090224.000,5200.0000,N,05500.0000,E,1,0,,,M,,M,,*78
$GPRMC,090224.000,A,5200.0000,N,05500.0000,E,0.22,,230826,,,A*77
